Riviera-PRO 2023.04.112.8911(Linux64) 2024-09-02 13:18:16

Elaboration top modules:
Architecture                  behavior(testbench)


-------------------------------------------------------------------------------------------
Entity       | Architecture | Library | Info | Compiler Version      | Compilation Options
-------------------------------------------------------------------------------------------
testbench    | behavior     | work    |      | 2023.04.112 (Linux64) |  -2019
design       | behavior     | work    |      | 2023.04.112 (Linux64) |  -2019
fetch        | behavior     | work    |      | 2023.04.112 (Linux64) |  -2019
control      | behavior     | work    |      | 2023.04.112 (Linux64) |  -2019
decode       | behavior     | work    |      | 2023.04.112 (Linux64) |  -2019
execute      | behavior     | work    |      | 2023.04.112 (Linux64) |  -2019
memoryAccess | behavior     | work    |      | 2023.04.112 (Linux64) |  -2019
writeback    | behavior     | work    |      | 2023.04.112 (Linux64) |  -2019
rreg32       | behavior     | work    |      | 2023.04.112 (Linux64) |  -2019
adder32      | behavior     | work    |      | 2023.04.112 (Linux64) |  -2019
mux332       | behavior     | work    |      | 2023.04.112 (Linux64) |  -2019
mux232       | behavior     | work    |      | 2023.04.112 (Linux64) |  -2019
rom          | behavior     | work    |      | 2023.04.112 (Linux64) |  -2019
mux35        | behavior     | work    |      | 2023.04.112 (Linux64) |  -2019
registers    | behavior     | work    |      | 2023.04.112 (Linux64) |  -2019
alu          | behavior     | work    |      | 2023.04.112 (Linux64) |  -2019
aluControl   | behavior     | work    |      | 2023.04.112 (Linux64) |  -2019
ram          | behavior     | work    |      | 2023.04.112 (Linux64) |  -2019
-------------------------------------------------------------------------------------------

-------------------------------------------------------------------------------------------
VHDL Package                | Library | Info | Compiler Version      | Compilation Options
-------------------------------------------------------------------------------------------
standard                    | std     |      |                       | <unavailable>
TEXTIO                      | std     |      | 2023.04.112 (Linux64) |  -2019
std_logic_1164              | ieee    |      | 2023.04.112 (Linux64) |  -2008
NUMERIC_STD                 | ieee    |      | 2023.04.112 (Linux64) |  -2008
std_logic_arith             | ieee    |      | 2023.04.112 (Linux64) | <unavailable>
STD_LOGIC_UNSIGNED          | ieee    |      | 2023.04.112 (Linux64) | <unavailable>
NUMERIC_STD_UNSIGNED        | ieee    |      | 2023.04.112 (Linux64) |  -2008
std_logic_textio            | ieee    |      | 2023.04.112 (Linux64) | <unavailable>
-------------------------------------------------------------------------------------------

-------------------------------------------------------------------------------------------
Library                     | Comment
-------------------------------------------------------------------------------------------
ieee                        | Standard IEEE packages library
std                         | Standard VHDL library
work                        | None
-------------------------------------------------------------------------------------------


Simulation Options: asim testbench

License to run VHDL performance optimized simulation unavailable.

The performance of simulation is reduced. Version EDU Edition
